PS C:\Users\coldr\Downloads> cd C:\Users\coldr\Downloads\
勉強\git_challenge
PS C:\Users\coldr\Downloads\勉強\git_challenge> git init
Initialized empty Git repository in C:/Users/coldr/Downloads/蜍牙ｼｷ/git_challenge/.git/
PS C:\Users\coldr\Downloads\勉強\git_challenge> git add hello_world.txt
PS C:\Users\coldr\Downloads\勉強\git_challenge> git commit -m "hello_world.txtを追加"
[main (root-commit) f50feeb] hello_world.txt繧定ｿｽ蜉
 1 file changed, 1 insertion(+)
 create mode 100644 hello_world.txt
PS C:\Users\coldr\Downloads\勉強\git_challenge> git status

On branch main
nothing to commit, working tree clean
PS C:\Users\coldr\Downloads\勉強\git_challenge> git add hello_world.txt
PS C:\Users\coldr\Downloads\勉強\git_challenge> git commit -m "日本語訳を追記"       
[main 7f510ae] 譌･譛ｬ隱櫁ｨｳ繧定ｿｽ險
 1 file changed, 2 insertions(+), 1 deletion(-)
PS C:\Users\coldr\Downloads\勉強\git_challenge> git status
                    
On branch main
nothing to commit, working tree clean
PS C:\Users\coldr\Downloads\勉強\git_challenge> git log --oneline
7f510ae (HEAD -> main) 日本語訳を追記
f50feeb hello_world.txtを追加
PS C:\Users\coldr\Downloads\勉強\git_challenge> 